main.c:54:6:clearAll	8	static
main.c:61:6:display7SEG	16	static
main.c:162:6:clearLEDMatrix	16	static
main.c:169:6:setRow	16	static
main.c:188:6:updateLEDMatrix	16	static
main.c:220:6:shift_matrix	24	static
main.c:235:6:update7SEG	16	static
main.c:260:6:updateClockBuffer	4	static
main.c:277:5:main	8	static
main.c:381:6:SystemClock_Config	72	static
main.c:417:13:MX_TIM2_Init	32	static
main.c:462:13:MX_GPIO_Init	32	static
main.c:511:6:HAL_TIM_PeriodElapsedCallback	16	static
main.c:520:6:Error_Handler	4	static,ignoring_inline_asm
